Using pre-set license
Built from '2021.3/staging' branch; Version is '2021.3.23f1 (213b516bf396) revision 2177873'; Using compiler version '192829333'; Build Type 'Release'
OS: 'Windows 11  (10.0.22631) 64bit Professional' Language: 'ja' Physical Memory: 16085 MB
BatchMode: 1, IsHumanControllingUs: 0, StartBugReporterOnCrash: 0, Is64bit: 1, IsPro: 1

COMMAND LINE ARGUMENTS:
C:\Program Files\Unity\Hub\Editor\2021.3.23f1\Editor\Unity.exe
-adb2
-batchMode
-noUpm
-name
AssetImportWorker0
-projectPath
D:/Work_Gennta/Game_TeamCreate2.7/c23_2024_drone
-logFile
Logs/AssetImportWorker0.log
-srvPort
57525
Successfully changed project path to: D:/Work_Gennta/Game_TeamCreate2.7/c23_2024_drone
D:/Work_Gennta/Game_TeamCreate2.7/c23_2024_drone
[UnityMemory] Configuration Parameters - Can be set up in boot.config
    "memorysetup-bucket-allocator-granularity=16"
    "memorysetup-bucket-allocator-bucket-count=8"
    "memorysetup-bucket-allocator-block-size=33554432"
    "memorysetup-bucket-allocator-block-count=8"
    "memorysetup-main-allocator-block-size=16777216"
    "memorysetup-thread-allocator-block-size=16777216"
    "memorysetup-gfx-main-allocator-block-size=16777216"
    "memorysetup-gfx-thread-allocator-block-size=16777216"
    "memorysetup-cache-allocator-block-size=4194304"
    "memorysetup-typetree-allocator-block-size=2097152"
    "memorysetup-profiler-bucket-allocator-granularity=16"
    "memorysetup-profiler-bucket-allocator-bucket-count=8"
    "memorysetup-profiler-bucket-allocator-block-size=33554432"
    "memorysetup-profiler-bucket-allocator-block-count=8"
    "memorysetup-profiler-allocator-block-size=16777216"
    "memorysetup-profiler-editor-allocator-block-size=1048576"
    "memorysetup-temp-allocator-size-main=16777216"
    "memorysetup-job-temp-allocator-block-size=2097152"
    "memorysetup-job-temp-allocator-block-size-background=1048576"
    "memorysetup-job-temp-allocator-reduction-small-platforms=262144"
    "memorysetup-temp-allocator-size-background-worker=32768"
    "memorysetup-temp-allocator-size-job-worker=262144"
    "memorysetup-temp-allocator-size-preload-manager=33554432"
    "memorysetup-temp-allocator-size-nav-mesh-worker=65536"
    "memorysetup-temp-allocator-size-audio-worker=65536"
    "memorysetup-temp-allocator-size-cloud-worker=32768"
    "memorysetup-temp-allocator-size-gi-baking-worker=262144"
    "memorysetup-temp-allocator-size-gfx=262144"
Player connection [13660] Host "[IP] 172.16.41.24 [Port] 0 [Flags] 2 [Guid] 694753206 [EditorId] 694753206 [Version] 1048832 [Id] WindowsEditor(7,MSI) [Debug] 1 [PackageName] WindowsEditor [ProjectName] Editor" joined multi-casting on [225.0.0.222:54997]...

Player connection [13660] Host "[IP] 172.16.41.24 [Port] 0 [Flags] 2 [Guid] 694753206 [EditorId] 694753206 [Version] 1048832 [Id] WindowsEditor(7,MSI) [Debug] 1 [PackageName] WindowsEditor [ProjectName] Editor" joined alternative multi-casting on [225.0.0.222:34997]...

Refreshing native plugins compatible for Editor in 57.87 ms, found 3 plugins.
Preloading 0 native plugins for Editor in 0.00 ms.
Initialize engine version: 2021.3.23f1 (213b516bf396)
[Subsystems] Discovering subsystems at path C:/Program Files/Unity/Hub/Editor/2021.3.23f1/Editor/Data/Resources/UnitySubsystems
[Subsystems] Discovering subsystems at path D:/Work_Gennta/Game_TeamCreate2.7/c23_2024_drone/Assets
GfxDevice: creating device client; threaded=0; jobified=0
Direct3D:
    Version:  Direct3D 11.0 [level 11.1]
    Renderer: NVIDIA GeForce RTX 3050 Laptop GPU (ID=0x25a2)
    Vendor:   NVIDIA
    VRAM:     3965 MB
    Driver:   32.0.15.5599
Initialize mono
Mono path[0] = 'C:/Program Files/Unity/Hub/Editor/2021.3.23f1/Editor/Data/Managed'
Mono path[1] = 'C:/Program Files/Unity/Hub/Editor/2021.3.23f1/Editor/Data/MonoBleedingEdge/lib/mono/unityjit-win32'
Mono config path = 'C:/Program Files/Unity/Hub/Editor/2021.3.23f1/Editor/Data/MonoBleedingEdge/etc'
Using monoOptions --debugger-agent=transport=dt_socket,embedding=1,server=y,suspend=n,address=127.0.0.1:56028
Begin MonoManager ReloadAssembly
Registering precompiled unity dll's ...
Register platform support module: C:/Program Files/Unity/Hub/Editor/2021.3.23f1/Editor/Data/PlaybackEngines/AndroidPlayer/UnityEditor.Android.Extensions.dll
Register platform support module: C:/Program Files/Unity/Hub/Editor/2021.3.23f1/Editor/Data/PlaybackEngines/WindowsStandaloneSupport/UnityEditor.WindowsStandalone.Extensions.dll
Registered in 0.003736 seconds.
Native extension for WindowsStandalone target not found
Native extension for Android target not found
Refreshing native plugins compatible for Editor in 59.49 ms, found 3 plugins.
Preloading 0 native plugins for Editor in 0.00 ms.
Mono: successfully reloaded assembly
- Completed reload, in  0.500 seconds
Domain Reload Profiling:
	ReloadAssembly (500ms)
		BeginReloadAssembly (78ms)
			ExecutionOrderSort (0ms)
			DisableScriptedObjects (0ms)
			BackupInstance (0ms)
			ReleaseScriptingObjects (0ms)
			CreateAndSetChildDomain (1ms)
		EndReloadAssembly (347ms)
			LoadAssemblies (76ms)
			RebuildTransferFunctionScriptingTraits (0ms)
			SetupTypeCache (85ms)
			ReleaseScriptCaches (0ms)
			RebuildScriptCaches (22ms)
			SetupLoadedEditorAssemblies (201ms)
				LogAssemblyErrors (0ms)
				InitializePlatformSupportModulesInManaged (40ms)
				SetLoadedEditorAssemblies (0ms)
				RefreshPlugins (60ms)
				BeforeProcessingInitializeOnLoad (1ms)
				ProcessInitializeOnLoadAttributes (67ms)
				ProcessInitializeOnLoadMethodAttributes (34ms)
				AfterProcessingInitializeOnLoad (0ms)
				EditorAssembliesLoaded (0ms)
			ExecutionOrderSort2 (0ms)
			AwakeInstancesAfterBackupRestoration (0ms)
Platform modules already initialized, skipping
Registering precompiled user dll's ...
Registered in 0.002419 seconds.
Begin MonoManager ReloadAssembly
Symbol file LoadedFromMemory doesn't match image D:\Work_Gennta\Game_TeamCreate2.7\c23_2024_drone\Library\PackageCache\com.unity.visualscripting@1.8.0\Editor\VisualScripting.Core\Dependencies\YamlDotNet\Unity.VisualScripting.YamlDotNet.dll
Symbol file LoadedFromMemory doesn't match image D:\Work_Gennta\Game_TeamCreate2.7\c23_2024_drone\Library\PackageCache\com.unity.visualscripting@1.8.0\Editor\VisualScripting.Core\Dependencies\DotNetZip\Unity.VisualScripting.IonicZip.dll
Native extension for WindowsStandalone target not found
Native extension for Android target not found
Refreshing native plugins compatible for Editor in 0.47 ms, found 3 plugins.
Preloading 0 native plugins for Editor in 0.00 ms.
Mono: successfully reloaded assembly
- Completed reload, in  0.952 seconds
Domain Reload Profiling:
	ReloadAssembly (953ms)
		BeginReloadAssembly (95ms)
			ExecutionOrderSort (0ms)
			DisableScriptedObjects (4ms)
			BackupInstance (0ms)
			ReleaseScriptingObjects (0ms)
			CreateAndSetChildDomain (16ms)
		EndReloadAssembly (777ms)
			LoadAssemblies (72ms)
			RebuildTransferFunctionScriptingTraits (0ms)
			SetupTypeCache (201ms)
			ReleaseScriptCaches (0ms)
			RebuildScriptCaches (35ms)
			SetupLoadedEditorAssemblies (444ms)
				LogAssemblyErrors (0ms)
				InitializePlatformSupportModulesInManaged (196ms)
				SetLoadedEditorAssemblies (0ms)
				RefreshPlugins (1ms)
				BeforeProcessingInitializeOnLoad (70ms)
				ProcessInitializeOnLoadAttributes (157ms)
				ProcessInitializeOnLoadMethodAttributes (14ms)
				AfterProcessingInitializeOnLoad (5ms)
				EditorAssembliesLoaded (0ms)
			ExecutionOrderSort2 (0ms)
			AwakeInstancesAfterBackupRestoration (4ms)
Platform modules already initialized, skipping
========================================================================
Worker process is ready to serve import requests
Launched and connected shader compiler UnityShaderCompiler.exe after 0.04 seconds
Refreshing native plugins compatible for Editor in 0.37 ms, found 3 plugins.
Preloading 0 native plugins for Editor in 0.00 ms.
Unloading 3058 Unused Serialized files (Serialized files now loaded: 0)
Unloading 24 unused Assets / (113.8 KB). Loaded Objects now: 3522.
Memory consumption went from 108.3 MB to 108.2 MB.
Total: 3.416500 ms (FindLiveObjects: 0.259100 ms CreateObjectMapping: 0.105200 ms MarkObjects: 2.890500 ms  DeleteObjects: 0.160700 ms)

AssetImportParameters requested are different than current active one (requested -> active):
  custom:video-decoder-ogg-theora: a1e56fd34408186e4bbccfd4996cb3dc -> 
  custom:container-muxer-webm: aa71ff27fc2769a1b78a27578f13a17b -> 
  custom:container-demuxer-webm: 4f35f7cbe854078d1ac9338744f61a02 -> 
  custom:video-encoder-webm-vp8: eb34c28f22e8b96e1ab97ce403110664 -> 
  custom:video-codec-MediaFoundation-h265: 746d11721c4dcdbdad8f713fa42b33f4 -> 
  custom:audio-encoder-webm-vorbis: bf7c407c2cedff20999df2af8eb42d56 -> 
  custom:framework-win-MediaFoundation: 216162199b28c13a410421893ffa2e32 -> 
  custom:container-demuxer-ogg: 62fdf1f143b41e24485cea50d1cbac27 -> 
  custom:video-decoder-webm-vp8: 9c59270c3fd7afecdb556c50c9e8de78 -> 
  custom:audio-decoder-ogg-vorbis: bf7c407c2cedff20999df2af8eb42d56 -> 
========================================================================
Received Import Request.
  Time since last request: 20497.130549 seconds.
  path: Assets/DroneDemo.fbx
  artifactKey: Guid(61d76b1fc876380449c590059c038e57) Importer(815301076,1909f56bfc062723c751e8b465ee728b)
Start importing Assets/DroneDemo.fbx using Guid(61d76b1fc876380449c590059c038e57) Importer(815301076,1909f56bfc062723c751e8b465ee728b)  -> (artifact id: 'c89c18eeae329325636b44f692a52653') in 0.268507 seconds 
========================================================================
Received Import Request.
  Time since last request: 62.772700 seconds.
  path: Assets/Resources/Sounds/BGM
  artifactKey: Guid(365e43fee1d7f2b49ad1caaf75518ca1) Importer(815301076,1909f56bfc062723c751e8b465ee728b)
Start importing Assets/Resources/Sounds/BGM using Guid(365e43fee1d7f2b49ad1caaf75518ca1) Importer(815301076,1909f56bfc062723c751e8b465ee728b)  -> (artifact id: '52990f614a8717732fe855b25609d640') in 0.002085 seconds 
========================================================================
Received Import Request.
  Time since last request: 70.852340 seconds.
  path: Assets/Resources/Sounds/SE
  artifactKey: Guid(85d92838fa6cfbe40ba038b17103cc42) Importer(815301076,1909f56bfc062723c751e8b465ee728b)
Start importing Assets/Resources/Sounds/SE using Guid(85d92838fa6cfbe40ba038b17103cc42) Importer(815301076,1909f56bfc062723c751e8b465ee728b)  -> (artifact id: '9090625b3970390853ca4c8d17ba7fcd') in 0.001289 seconds 
========================================================================
Received Import Request.
  Time since last request: 34.918631 seconds.
  path: Assets/Resources/Sounds/SE/button
  artifactKey: Guid(2c3f2b7c4f09e0e4e83510fc899e91d5) Importer(815301076,1909f56bfc062723c751e8b465ee728b)
Start importing Assets/Resources/Sounds/SE/button using Guid(2c3f2b7c4f09e0e4e83510fc899e91d5) Importer(815301076,1909f56bfc062723c751e8b465ee728b)  -> (artifact id: 'ea38c2df17478aca3e7ea9a9cd93460f') in 0.002086 seconds 
========================================================================
Received Import Request.
  Time since last request: 16.336499 seconds.
  path: Assets/Resources/Sounds/SE/button/button01.mp3
  artifactKey: Guid(3cbc5135a573ecb45a6c183a57858d95) Importer(815301076,1909f56bfc062723c751e8b465ee728b)
Start importing Assets/Resources/Sounds/SE/button/button01.mp3 using Guid(3cbc5135a573ecb45a6c183a57858d95) Importer(815301076,1909f56bfc062723c751e8b465ee728b)  -> (artifact id: '6626443b205c0973cea7937c67ad6caa') in 0.049390 seconds 
========================================================================
Received Import Request.
  Time since last request: 0.000021 seconds.
  path: Assets/Resources/Sounds/SE/button/button03.mp3
  artifactKey: Guid(b7884865ca3d0a54699500f7a05c20eb) Importer(815301076,1909f56bfc062723c751e8b465ee728b)
Start importing Assets/Resources/Sounds/SE/button/button03.mp3 using Guid(b7884865ca3d0a54699500f7a05c20eb) Importer(815301076,1909f56bfc062723c751e8b465ee728b)  -> (artifact id: 'b67d352510f972e882487bc9cf016a43') in 0.007070 seconds 
========================================================================
Received Import Request.
  Time since last request: 26.558401 seconds.
  path: Assets/Resources/Sounds/SE/Clear
  artifactKey: Guid(432f6052097090e4fbffa5bb2e743989) Importer(815301076,1909f56bfc062723c751e8b465ee728b)
Start importing Assets/Resources/Sounds/SE/Clear using Guid(432f6052097090e4fbffa5bb2e743989) Importer(815301076,1909f56bfc062723c751e8b465ee728b)  -> (artifact id: 'f67210b06f8ef0eba6514693a94e8a3a') in 0.001690 seconds 
========================================================================
Received Import Request.
  Time since last request: 11.336784 seconds.
  path: Assets/Resources/Sounds/SE/Clear/Clear01.mp3
  artifactKey: Guid(1088e7823f186924a9cbb8906dc3d700) Importer(815301076,1909f56bfc062723c751e8b465ee728b)
Start importing Assets/Resources/Sounds/SE/Clear/Clear01.mp3 using Guid(1088e7823f186924a9cbb8906dc3d700) Importer(815301076,1909f56bfc062723c751e8b465ee728b)  -> (artifact id: '641115ff38686646ae84023bb8d1d1bc') in 0.082294 seconds 
========================================================================
Received Import Request.
  Time since last request: 0.000025 seconds.
  path: Assets/Resources/Sounds/SE/Clear/Clear03.mp3
  artifactKey: Guid(c4e84b32f0b361b49a17d1123fb5fc71) Importer(815301076,1909f56bfc062723c751e8b465ee728b)
Start importing Assets/Resources/Sounds/SE/Clear/Clear03.mp3 using Guid(c4e84b32f0b361b49a17d1123fb5fc71) Importer(815301076,1909f56bfc062723c751e8b465ee728b)  -> (artifact id: '0b2db229efdaf23c05bc456d8b0fe7eb') in 0.007165 seconds 
========================================================================
Received Import Request.
  Time since last request: 0.000023 seconds.
  path: Assets/Resources/Sounds/SE/Clear/Clear04.mp3
  artifactKey: Guid(16bad4bd6325e454db6ffcfba90ec3f4) Importer(815301076,1909f56bfc062723c751e8b465ee728b)
Start importing Assets/Resources/Sounds/SE/Clear/Clear04.mp3 using Guid(16bad4bd6325e454db6ffcfba90ec3f4) Importer(815301076,1909f56bfc062723c751e8b465ee728b)  -> (artifact id: 'a30107484ced2223e8a14c31e0330058') in 0.005730 seconds 
Editor requested this worker to shutdown with reason: Scaling down because of idle timeout
AssetImportWorker is now disconnected from the server
Process exiting
Exiting without the bug reporter. Application will terminate with return code 0